iis2dlpc_reg.c:55:9:iis2dlpc_read_reg	48	static
iis2dlpc_reg.c:76:9:iis2dlpc_write_reg	48	static
iis2dlpc_reg.c:99:9:iis2dlpc_from_fs2_to_mg	16	static
iis2dlpc_reg.c:104:9:iis2dlpc_from_fs4_to_mg	16	static
iis2dlpc_reg.c:109:9:iis2dlpc_from_fs8_to_mg	16	static
iis2dlpc_reg.c:114:9:iis2dlpc_from_fs16_to_mg	16	static
iis2dlpc_reg.c:119:9:iis2dlpc_from_fs2_lp1_to_mg	16	static
iis2dlpc_reg.c:124:9:iis2dlpc_from_fs4_lp1_to_mg	16	static
iis2dlpc_reg.c:129:9:iis2dlpc_from_fs8_lp1_to_mg	16	static
iis2dlpc_reg.c:134:9:iis2dlpc_from_fs16_lp1_to_mg	16	static
iis2dlpc_reg.c:139:9:iis2dlpc_from_lsb_to_celsius	16	static
iis2dlpc_reg.c:166:9:iis2dlpc_power_mode_set	40	static
iis2dlpc_reg.c:210:9:iis2dlpc_power_mode_get	40	static
iis2dlpc_reg.c:315:9:iis2dlpc_data_rate_set	40	static
iis2dlpc_reg.c:356:9:iis2dlpc_data_rate_get	40	static
iis2dlpc_reg.c:435:9:iis2dlpc_block_data_update_set	32	static
iis2dlpc_reg.c:459:9:iis2dlpc_block_data_update_get	32	static
iis2dlpc_reg.c:479:9:iis2dlpc_full_scale_set	32	static
iis2dlpc_reg.c:503:9:iis2dlpc_full_scale_get	32	static
iis2dlpc_reg.c:544:9:iis2dlpc_status_reg_get	24	static
iis2dlpc_reg.c:562:9:iis2dlpc_flag_data_ready_get	32	static
iis2dlpc_reg.c:581:9:iis2dlpc_all_sources_get	24	static
iis2dlpc_reg.c:601:9:iis2dlpc_usr_offset_x_set	24	static
iis2dlpc_reg.c:620:9:iis2dlpc_usr_offset_x_get	24	static
iis2dlpc_reg.c:639:9:iis2dlpc_usr_offset_y_set	24	static
iis2dlpc_reg.c:658:9:iis2dlpc_usr_offset_y_get	24	static
iis2dlpc_reg.c:677:9:iis2dlpc_usr_offset_z_set	24	static
iis2dlpc_reg.c:696:9:iis2dlpc_usr_offset_z_get	24	static
iis2dlpc_reg.c:715:9:iis2dlpc_offset_weight_set	32	static
iis2dlpc_reg.c:741:9:iis2dlpc_offset_weight_get	32	static
iis2dlpc_reg.c:788:9:iis2dlpc_temperature_raw_get	32	static
iis2dlpc_reg.c:809:9:iis2dlpc_acceleration_raw_get	40	static
iis2dlpc_reg.c:845:9:iis2dlpc_device_id_get	24	static
iis2dlpc_reg.c:863:9:iis2dlpc_auto_increment_set	32	static
iis2dlpc_reg.c:888:9:iis2dlpc_auto_increment_get	32	static
iis2dlpc_reg.c:907:9:iis2dlpc_reset_set	32	static
iis2dlpc_reg.c:931:9:iis2dlpc_reset_get	32	static
iis2dlpc_reg.c:950:9:iis2dlpc_boot_set	32	static
iis2dlpc_reg.c:974:9:iis2dlpc_boot_get	32	static
iis2dlpc_reg.c:993:9:iis2dlpc_self_test_set	32	static
iis2dlpc_reg.c:1017:9:iis2dlpc_self_test_get	32	static
iis2dlpc_reg.c:1054:9:iis2dlpc_data_ready_mode_set	32	static
iis2dlpc_reg.c:1079:9:iis2dlpc_data_ready_mode_get	32	static
iis2dlpc_reg.c:1126:9:iis2dlpc_filter_path_set	40	static
iis2dlpc_reg.c:1168:9:iis2dlpc_filter_path_get	40	static
iis2dlpc_reg.c:1213:9:iis2dlpc_filter_bandwidth_set	32	static
iis2dlpc_reg.c:1239:9:iis2dlpc_filter_bandwidth_get	32	static
iis2dlpc_reg.c:1281:9:iis2dlpc_reference_mode_set	32	static
iis2dlpc_reg.c:1305:9:iis2dlpc_reference_mode_get	32	static
iis2dlpc_reg.c:1337:9:iis2dlpc_spi_mode_set	32	static
iis2dlpc_reg.c:1361:9:iis2dlpc_spi_mode_get	32	static
iis2dlpc_reg.c:1395:9:iis2dlpc_i2c_interface_set	32	static
iis2dlpc_reg.c:1420:9:iis2dlpc_i2c_interface_get	32	static
iis2dlpc_reg.c:1454:9:iis2dlpc_cs_mode_set	32	static
iis2dlpc_reg.c:1479:9:iis2dlpc_cs_mode_get	32	static
iis2dlpc_reg.c:1525:9:iis2dlpc_pin_polarity_set	32	static
iis2dlpc_reg.c:1550:9:iis2dlpc_pin_polarity_get	32	static
iis2dlpc_reg.c:1584:9:iis2dlpc_int_notification_set	32	static
iis2dlpc_reg.c:1609:9:iis2dlpc_int_notification_get	32	static
iis2dlpc_reg.c:1643:9:iis2dlpc_pin_mode_set	32	static
iis2dlpc_reg.c:1667:9:iis2dlpc_pin_mode_get	32	static
iis2dlpc_reg.c:1701:9:iis2dlpc_pin_int1_route_set	32	static
iis2dlpc_reg.c:1759:9:iis2dlpc_pin_int1_route_get	24	static
iis2dlpc_reg.c:1778:9:iis2dlpc_pin_int2_route_set	32	static
iis2dlpc_reg.c:1836:9:iis2dlpc_pin_int2_route_get	24	static
iis2dlpc_reg.c:1854:9:iis2dlpc_all_on_int1_set	32	static
iis2dlpc_reg.c:1878:9:iis2dlpc_all_on_int1_get	32	static
iis2dlpc_reg.c:1910:9:iis2dlpc_wkup_threshold_set	32	static
iis2dlpc_reg.c:1934:9:iis2dlpc_wkup_threshold_get	32	static
iis2dlpc_reg.c:1953:9:iis2dlpc_wkup_dur_set	32	static
iis2dlpc_reg.c:1977:9:iis2dlpc_wkup_dur_get	32	static
iis2dlpc_reg.c:1996:9:iis2dlpc_wkup_feed_data_set	32	static
iis2dlpc_reg.c:2021:9:iis2dlpc_wkup_feed_data_get	32	static
iis2dlpc_reg.c:2070:9:iis2dlpc_act_mode_set	40	static
iis2dlpc_reg.c:2111:9:iis2dlpc_act_mode_get	40	static
iis2dlpc_reg.c:2157:9:iis2dlpc_act_sleep_dur_set	32	static
iis2dlpc_reg.c:2181:9:iis2dlpc_act_sleep_dur_get	32	static
iis2dlpc_reg.c:2213:9:iis2dlpc_tap_threshold_x_set	32	static
iis2dlpc_reg.c:2237:9:iis2dlpc_tap_threshold_x_get	32	static
iis2dlpc_reg.c:2256:9:iis2dlpc_tap_threshold_y_set	32	static
iis2dlpc_reg.c:2280:9:iis2dlpc_tap_threshold_y_get	32	static
iis2dlpc_reg.c:2299:9:iis2dlpc_tap_axis_priority_set	32	static
iis2dlpc_reg.c:2324:9:iis2dlpc_tap_axis_priority_get	32	static
iis2dlpc_reg.c:2374:9:iis2dlpc_tap_threshold_z_set	32	static
iis2dlpc_reg.c:2398:9:iis2dlpc_tap_threshold_z_get	32	static
iis2dlpc_reg.c:2417:9:iis2dlpc_tap_detection_on_z_set	32	static
iis2dlpc_reg.c:2442:9:iis2dlpc_tap_detection_on_z_get	32	static
iis2dlpc_reg.c:2462:9:iis2dlpc_tap_detection_on_y_set	32	static
iis2dlpc_reg.c:2487:9:iis2dlpc_tap_detection_on_y_get	32	static
iis2dlpc_reg.c:2507:9:iis2dlpc_tap_detection_on_x_set	32	static
iis2dlpc_reg.c:2532:9:iis2dlpc_tap_detection_on_x_get	32	static
iis2dlpc_reg.c:2556:9:iis2dlpc_tap_shock_set	32	static
iis2dlpc_reg.c:2584:9:iis2dlpc_tap_shock_get	32	static
iis2dlpc_reg.c:2607:9:iis2dlpc_tap_quiet_set	32	static
iis2dlpc_reg.c:2635:9:iis2dlpc_tap_quiet_get	32	static
iis2dlpc_reg.c:2659:9:iis2dlpc_tap_dur_set	32	static
iis2dlpc_reg.c:2688:9:iis2dlpc_tap_dur_get	32	static
iis2dlpc_reg.c:2707:9:iis2dlpc_tap_mode_set	32	static
iis2dlpc_reg.c:2732:9:iis2dlpc_tap_mode_get	32	static
iis2dlpc_reg.c:2766:9:iis2dlpc_tap_src_get	24	static
iis2dlpc_reg.c:2797:9:iis2dlpc_6d_threshold_set	32	static
iis2dlpc_reg.c:2821:9:iis2dlpc_6d_threshold_get	32	static
iis2dlpc_reg.c:2840:9:iis2dlpc_4d_mode_set	32	static
iis2dlpc_reg.c:2864:9:iis2dlpc_4d_mode_get	32	static
iis2dlpc_reg.c:2883:9:iis2dlpc_6d_src_get	24	static
iis2dlpc_reg.c:2900:9:iis2dlpc_6d_feed_data_set	32	static
iis2dlpc_reg.c:2925:9:iis2dlpc_6d_feed_data_get	32	static
iis2dlpc_reg.c:2973:9:iis2dlpc_ff_dur_set	40	static
iis2dlpc_reg.c:3014:9:iis2dlpc_ff_dur_get	40	static
iis2dlpc_reg.c:3041:9:iis2dlpc_ff_threshold_set	32	static
iis2dlpc_reg.c:3066:9:iis2dlpc_ff_threshold_get	32	static
iis2dlpc_reg.c:3136:9:iis2dlpc_fifo_watermark_set	32	static
iis2dlpc_reg.c:3160:9:iis2dlpc_fifo_watermark_get	32	static
iis2dlpc_reg.c:3179:9:iis2dlpc_fifo_mode_set	32	static
iis2dlpc_reg.c:3204:9:iis2dlpc_fifo_mode_get	32	static
iis2dlpc_reg.c:3250:9:iis2dlpc_fifo_data_level_get	32	static
iis2dlpc_reg.c:3268:9:iis2dlpc_fifo_ovr_flag_get	32	static
iis2dlpc_reg.c:3286:9:iis2dlpc_fifo_wtm_flag_get	32	static
