main.c:114:5:main	8	static
main.c:172:6:SystemClock_Config	96	static
main.c:212:13:MX_SPI1_Init	8	static
main.c:250:13:MX_USART4_UART_Init	8	static
main.c:285:13:MX_USART5_UART_Init	8	static
main.c:320:13:MX_GPIO_Init	48	static
main.c:399:16:platform_write	32	static
main.c:420:16:platform_read	32	static
main.c:432:16:iis2dlpc_int1_print	24	static
main.c:441:13:iis2dlpc_temp_print	24	static
main.c:452:13:iis2dlpc_conf_set	8	static
main.c:498:13:iis2dlpc_conf_print	8	static
main.c:541:13:dbg_tx	24	static
main.c:558:16:bg96_status_print	24	static
main.c:565:16:bg96_ps_on	8	static
main.c:580:6:HAL_GPIO_EXTI_Callback	48	static
main.c:604:6:Error_Handler	8	static,ignoring_inline_asm
