main.c:99:5:main	8	static
main.c:171:6:SystemClock_Config	96	static
main.c:211:13:MX_SPI1_Init	8	static
main.c:249:13:MX_USART4_UART_Init	8	static
main.c:284:13:MX_USART5_UART_Init	8	static
main.c:319:13:MX_GPIO_Init	48	static
main.c:390:16:platform_write	32	static
main.c:411:16:platform_read	32	static
main.c:423:13:iis2dlpc_int1_print	8	static
main.c:430:13:iis2dlpc_temp_print	24	static
main.c:441:13:iis2dlpc_conf_set	8	static
main.c:487:13:iis2dlpc_conf_print	8	static
main.c:528:13:dbg_tx	24	static
main.c:541:6:HAL_GPIO_EXTI_Callback	48	static
main.c:564:6:Error_Handler	8	static,ignoring_inline_asm
